nohup: ignoring input
============================================
 fio_static (factor별 1등 워크로드) 시작: Thu Jun 11 07:28:02 PM KST 2026
 모드: 0 1 2 3   워크로드: uniform hot_shift hot_zipf hot_narrow
 런타임=90s  hot_shift 페이즈=4
 매핑: uniform→greedy(WAF), hot_shift→cb(WAF), hot_zipf/narrow→cat(CoV)
 예상: 총 4모드 × 4워크로드 ~58m
============================================

############################################
# gc_mode=0 (greedy) - Thu Jun 11 07:28:02 PM KST 2026
############################################
  --- workload=uniform ---
  [load] ./start_virt.sh 0
----------------------------------------
ℹ️  기존 모듈 없음
🚀 nvmev.ko 로드 중... (gc_mode=0: Greedy)
   sudo insmod /home/meen/wild_cat/nvmev.ko memmap_start=4G memmap_size=8192M cpus=1,2,3,4 gc_mode=0
✅ insmod 성공! gc_mode=0 (Greedy)
nvmev                  90112  0
✅ /dev/nvme1n1 확인 완료 (가상 디바이스)
📁 파일시스템 생성 중...
mke2fs 1.47.0 (5-Feb-2023)
Creating filesystem with 1959715 4k blocks and 490560 inodes
Filesystem UUID: bc591497-1cb5-41fb-9224-3f85eb734d80
Superblock backups stored on blocks: 
	32768, 98304, 163840, 229376, 294912, 819200, 884736, 1605632

Allocating group tables:  0/60     done                            
Writing inode tables:  0/60     done                            
Creating journal (16384 blocks): done
Writing superblocks and filesystem accounting information:  0/60     done

✅ Mount 완료! (/dev/nvme1n1 → /home/meen/wild_cat/mnt)
----------------------------------------
  ✅ 검증 통과: gc_mode=0, gc=0
  [fill] 6G
  [run] uniform (90s)
    → WAF=3.106  CoV=0.333  range=11  gc=78569
  [unload] ./end_virt.sh
----------------------------------------
🛑 NVMeVirt 종료 중...
📂 /home/meen/wild_cat/mnt umount 중...
📊 dmesg 통계:
[ 7133.870538] NVMeVirt: [Wear] avg=0 min=0 max=0 range=0 std=0 CoV=0.000 lines=8192
[ 7133.870540] NVMeVirt: [WearGap] total_diff=0 samples=0 per_gc=0.000
[ 7230.509992] NVMeVirt: [FLUSH] gc_mode=0 gc=78569 copied=15332032 avg=195 host=7279176 erases=78569 WAF=3.106 copy_ratio=0.739
[ 7230.509997] NVMeVirt: [Wear] avg=9 min=0 max=11 range=11 std=3 CoV=0.333 lines=8192
[ 7230.509998] NVMeVirt: [WearGap] total_diff=40 samples=78565 per_gc=0.000
🔄 nvmev 모듈 제거 중...
✅ 모듈 제거 완료
----------------------------------------
  --- workload=hot_shift ---
  [load] ./start_virt.sh 0
----------------------------------------
ℹ️  기존 모듈 없음
🚀 nvmev.ko 로드 중... (gc_mode=0: Greedy)
   sudo insmod /home/meen/wild_cat/nvmev.ko memmap_start=4G memmap_size=8192M cpus=1,2,3,4 gc_mode=0
✅ insmod 성공! gc_mode=0 (Greedy)
nvmev                  90112  0
✅ /dev/nvme1n1 확인 완료 (가상 디바이스)
📁 파일시스템 생성 중...
mke2fs 1.47.0 (5-Feb-2023)
Creating filesystem with 1959715 4k blocks and 490560 inodes
Filesystem UUID: a234cc79-c92b-4c44-b395-790fc3b73481
Superblock backups stored on blocks: 
	32768, 98304, 163840, 229376, 294912, 819200, 884736, 1605632

Allocating group tables:  0/60     done                            
Writing inode tables:  0/60     done                            
Creating journal (16384 blocks): done
Writing superblocks and filesystem accounting information:  0/60     done

✅ Mount 완료! (/dev/nvme1n1 → /home/meen/wild_cat/mnt)
----------------------------------------
  ✅ 검증 통과: gc_mode=0, gc=0
  [fill] 6G
  [run] hot_shift (90s)
      [hot_shift] phase 1/4  offset=0G size=1G rt=22s
      [hot_shift] phase 2/4  offset=1G size=1G rt=22s
      [hot_shift] phase 3/4  offset=2G size=1G rt=22s
      [hot_shift] phase 4/4  offset=3G size=1G rt=22s
    → WAF=1.005  CoV=2.333  range=62  gc=54036
  [unload] ./end_virt.sh
----------------------------------------
🛑 NVMeVirt 종료 중...
📂 /home/meen/wild_cat/mnt umount 중...
📊 dmesg 통계:
[ 7241.007131] NVMeVirt: [Wear] avg=0 min=0 max=0 range=0 std=0 CoV=0.000 lines=8192
[ 7241.007132] NVMeVirt: [WearGap] total_diff=0 samples=0 per_gc=0.000
[ 7337.333400] NVMeVirt: [FLUSH] gc_mode=0 gc=54036 copied=83486 avg=1 host=16051269 erases=54036 WAF=1.005 copy_ratio=0.005
[ 7337.333404] NVMeVirt: [Wear] avg=6 min=0 max=62 range=62 std=14 CoV=2.333 lines=8192
[ 7337.333406] NVMeVirt: [WearGap] total_diff=177 samples=54032 per_gc=0.003
🔄 nvmev 모듈 제거 중...
✅ 모듈 제거 완료
----------------------------------------
  --- workload=hot_zipf ---
  [load] ./start_virt.sh 0
----------------------------------------
ℹ️  기존 모듈 없음
🚀 nvmev.ko 로드 중... (gc_mode=0: Greedy)
   sudo insmod /home/meen/wild_cat/nvmev.ko memmap_start=4G memmap_size=8192M cpus=1,2,3,4 gc_mode=0
✅ insmod 성공! gc_mode=0 (Greedy)
nvmev                  90112  0
✅ /dev/nvme1n1 확인 완료 (가상 디바이스)
📁 파일시스템 생성 중...
mke2fs 1.47.0 (5-Feb-2023)
Creating filesystem with 1959715 4k blocks and 490560 inodes
Filesystem UUID: da69895e-e827-4e62-9a91-dc4c57791bc0
Superblock backups stored on blocks: 
	32768, 98304, 163840, 229376, 294912, 819200, 884736, 1605632

Allocating group tables:  0/60     done                            
Writing inode tables:  0/60     done                            
Creating journal (16384 blocks): done
Writing superblocks and filesystem accounting information:  0/60     done

✅ Mount 완료! (/dev/nvme1n1 → /home/meen/wild_cat/mnt)
----------------------------------------
  ✅ 검증 통과: gc_mode=0, gc=0
  [fill] 6G
  [run] hot_zipf (90s)
    → WAF=1.001  CoV=2.833  range=109  gc=50602
  [unload] ./end_virt.sh
----------------------------------------
🛑 NVMeVirt 종료 중...
📂 /home/meen/wild_cat/mnt umount 중...
📊 dmesg 통계:
[ 7347.855278] NVMeVirt: [Wear] avg=0 min=0 max=0 range=0 std=0 CoV=0.000 lines=8192
[ 7347.855279] NVMeVirt: [WearGap] total_diff=0 samples=0 per_gc=0.000
[ 7444.759156] NVMeVirt: [FLUSH] gc_mode=0 gc=50602 copied=23937 avg=0 host=15203377 erases=50602 WAF=1.001 copy_ratio=0.001
[ 7444.759161] NVMeVirt: [Wear] avg=6 min=0 max=109 range=109 std=17 CoV=2.833 lines=8192
[ 7444.759163] NVMeVirt: [WearGap] total_diff=162 samples=50598 per_gc=0.003
🔄 nvmev 모듈 제거 중...
✅ 모듈 제거 완료
----------------------------------------
  --- workload=hot_narrow ---
  [load] ./start_virt.sh 0
----------------------------------------
ℹ️  기존 모듈 없음
🚀 nvmev.ko 로드 중... (gc_mode=0: Greedy)
   sudo insmod /home/meen/wild_cat/nvmev.ko memmap_start=4G memmap_size=8192M cpus=1,2,3,4 gc_mode=0
✅ insmod 성공! gc_mode=0 (Greedy)
nvmev                  90112  0
✅ /dev/nvme1n1 확인 완료 (가상 디바이스)
📁 파일시스템 생성 중...
mke2fs 1.47.0 (5-Feb-2023)
Creating filesystem with 1959715 4k blocks and 490560 inodes
Filesystem UUID: 844f2073-4a40-42c2-9db6-b453c635e0aa
Superblock backups stored on blocks: 
	32768, 98304, 163840, 229376, 294912, 819200, 884736, 1605632

Allocating group tables:  0/60     done                            
Writing inode tables:  0/60     done                            
Creating journal (16384 blocks): done
Writing superblocks and filesystem accounting information:  0/60     done

✅ Mount 완료! (/dev/nvme1n1 → /home/meen/wild_cat/mnt)
----------------------------------------
  ✅ 검증 통과: gc_mode=0, gc=0
  [fill] 6G
  [run] hot_narrow (90s)
    → WAF=1.000  CoV=3.600  range=113  gc=43151
  [unload] ./end_virt.sh
----------------------------------------
🛑 NVMeVirt 종료 중...
📂 /home/meen/wild_cat/mnt umount 중...
📊 dmesg 통계:
[ 7455.265754] NVMeVirt: [Wear] avg=0 min=0 max=0 range=0 std=0 CoV=0.000 lines=8192
[ 7455.265756] NVMeVirt: [WearGap] total_diff=0 samples=0 per_gc=0.000
[ 7552.040366] NVMeVirt: [FLUSH] gc_mode=0 gc=43151 copied=0 avg=0 host=13259385 erases=43151 WAF=1.000 copy_ratio=0.000
[ 7552.040373] NVMeVirt: [Wear] avg=5 min=0 max=113 range=113 std=18 CoV=3.600 lines=8192
[ 7552.040376] NVMeVirt: [WearGap] total_diff=143 samples=43147 per_gc=0.003
🔄 nvmev 모듈 제거 중...
✅ 모듈 제거 완료
----------------------------------------
  ✓ greedy 완료 → ./static_results/static_0_greedy.csv

############################################
# gc_mode=1 (cb) - Thu Jun 11 07:35:14 PM KST 2026
############################################
  --- workload=uniform ---
  [load] ./start_virt.sh 1
----------------------------------------
ℹ️  기존 모듈 없음
🚀 nvmev.ko 로드 중... (gc_mode=1: Cost-Benefit)
   sudo insmod /home/meen/wild_cat/nvmev.ko memmap_start=4G memmap_size=8192M cpus=1,2,3,4 gc_mode=1
✅ insmod 성공! gc_mode=1 (Cost-Benefit)
nvmev                  90112  0
✅ /dev/nvme1n1 확인 완료 (가상 디바이스)
📁 파일시스템 생성 중...
mke2fs 1.47.0 (5-Feb-2023)
Creating filesystem with 1959715 4k blocks and 490560 inodes
Filesystem UUID: d6161d7c-8e96-4d04-8ef3-b2c6155ff3e0
Superblock backups stored on blocks: 
	32768, 98304, 163840, 229376, 294912, 819200, 884736, 1605632

Allocating group tables:  0/60     done                            
Writing inode tables:  0/60     done                            
Creating journal (16384 blocks): done
Writing superblocks and filesystem accounting information:  0/60     done

✅ Mount 완료! (/dev/nvme1n1 → /home/meen/wild_cat/mnt)
----------------------------------------
  ✅ 검증 통과: gc_mode=1, gc=0
  [fill] 6G
  [run] uniform (90s)
    → WAF=3.108  CoV=0.333  range=11  gc=78486
  [unload] ./end_virt.sh
----------------------------------------
🛑 NVMeVirt 종료 중...
📂 /home/meen/wild_cat/mnt umount 중...
📊 dmesg 통계:
[ 7565.552820] NVMeVirt: [Wear] avg=0 min=0 max=0 range=0 std=0 CoV=0.000 lines=8192
[ 7565.552822] NVMeVirt: [WearGap] total_diff=0 samples=0 per_gc=0.000
[ 7663.016607] NVMeVirt: [FLUSH] gc_mode=1 gc=78486 copied=15321870 avg=195 host=7267539 erases=78486 WAF=3.108 copy_ratio=0.739
[ 7663.016612] NVMeVirt: [Wear] avg=9 min=0 max=11 range=11 std=3 CoV=0.333 lines=8192
[ 7663.016613] NVMeVirt: [WearGap] total_diff=40 samples=78482 per_gc=0.000
🔄 nvmev 모듈 제거 중...
✅ 모듈 제거 완료
----------------------------------------
  --- workload=hot_shift ---
  [load] ./start_virt.sh 1
----------------------------------------
ℹ️  기존 모듈 없음
🚀 nvmev.ko 로드 중... (gc_mode=1: Cost-Benefit)
   sudo insmod /home/meen/wild_cat/nvmev.ko memmap_start=4G memmap_size=8192M cpus=1,2,3,4 gc_mode=1
✅ insmod 성공! gc_mode=1 (Cost-Benefit)
nvmev                  90112  0
✅ /dev/nvme1n1 확인 완료 (가상 디바이스)
📁 파일시스템 생성 중...
mke2fs 1.47.0 (5-Feb-2023)
Creating filesystem with 1959715 4k blocks and 490560 inodes
Filesystem UUID: 1000a345-aeb1-44f3-bd85-74f83bddaab4
Superblock backups stored on blocks: 
	32768, 98304, 163840, 229376, 294912, 819200, 884736, 1605632

Allocating group tables:  0/60     done                            
Writing inode tables:  0/60     done                            
Creating journal (16384 blocks): done
Writing superblocks and filesystem accounting information:  0/60     done

✅ Mount 완료! (/dev/nvme1n1 → /home/meen/wild_cat/mnt)
----------------------------------------
  ✅ 검증 통과: gc_mode=1, gc=0
  [fill] 6G
  [run] hot_shift (90s)
      [hot_shift] phase 1/4  offset=0G size=1G rt=22s
      [hot_shift] phase 2/4  offset=1G size=1G rt=22s
      [hot_shift] phase 3/4  offset=2G size=1G rt=22s
      [hot_shift] phase 4/4  offset=3G size=1G rt=22s
    → WAF=1.002  CoV=2.166  range=51  gc=54472
  [unload] ./end_virt.sh
----------------------------------------
🛑 NVMeVirt 종료 중...
📂 /home/meen/wild_cat/mnt umount 중...
📊 dmesg 통계:
[ 7673.532916] NVMeVirt: [Wear] avg=0 min=0 max=0 range=0 std=0 CoV=0.000 lines=8192
[ 7673.532918] NVMeVirt: [WearGap] total_diff=0 samples=0 per_gc=0.000
[ 7769.768859] NVMeVirt: [FLUSH] gc_mode=1 gc=54472 copied=39428 avg=0 host=16210011 erases=54472 WAF=1.002 copy_ratio=0.002
[ 7769.768864] NVMeVirt: [Wear] avg=6 min=0 max=51 range=51 std=13 CoV=2.166 lines=8192
[ 7769.768866] NVMeVirt: [WearGap] total_diff=143 samples=54468 per_gc=0.002
🔄 nvmev 모듈 제거 중...
✅ 모듈 제거 완료
----------------------------------------
  --- workload=hot_zipf ---
  [load] ./start_virt.sh 1
----------------------------------------
ℹ️  기존 모듈 없음
🚀 nvmev.ko 로드 중... (gc_mode=1: Cost-Benefit)
   sudo insmod /home/meen/wild_cat/nvmev.ko memmap_start=4G memmap_size=8192M cpus=1,2,3,4 gc_mode=1
✅ insmod 성공! gc_mode=1 (Cost-Benefit)
nvmev                  90112  0
✅ /dev/nvme1n1 확인 완료 (가상 디바이스)
📁 파일시스템 생성 중...
mke2fs 1.47.0 (5-Feb-2023)
Creating filesystem with 1959715 4k blocks and 490560 inodes
Filesystem UUID: e3c550cb-0891-4dc1-b1b4-69d18edb1f9c
Superblock backups stored on blocks: 
	32768, 98304, 163840, 229376, 294912, 819200, 884736, 1605632

Allocating group tables:  0/60     done                            
Writing inode tables:  0/60     done                            
Creating journal (16384 blocks): done
Writing superblocks and filesystem accounting information:  0/60     done

✅ Mount 완료! (/dev/nvme1n1 → /home/meen/wild_cat/mnt)
----------------------------------------
  ✅ 검증 통과: gc_mode=1, gc=0
  [fill] 6G
  [run] hot_zipf (90s)
    → WAF=1.000  CoV=2.666  range=86  gc=50753
  [unload] ./end_virt.sh
----------------------------------------
🛑 NVMeVirt 종료 중...
📂 /home/meen/wild_cat/mnt umount 중...
📊 dmesg 통계:
[ 7780.295224] NVMeVirt: [Wear] avg=0 min=0 max=0 range=0 std=0 CoV=0.000 lines=8192
[ 7780.295225] NVMeVirt: [WearGap] total_diff=0 samples=0 per_gc=0.000
[ 7877.172902] NVMeVirt: [FLUSH] gc_mode=1 gc=50753 copied=9796 avg=0 host=15257645 erases=50753 WAF=1.000 copy_ratio=0.000
[ 7877.172907] NVMeVirt: [Wear] avg=6 min=0 max=86 range=86 std=16 CoV=2.666 lines=8192
[ 7877.172908] NVMeVirt: [WearGap] total_diff=131 samples=50749 per_gc=0.002
🔄 nvmev 모듈 제거 중...
✅ 모듈 제거 완료
----------------------------------------
  --- workload=hot_narrow ---
  [load] ./start_virt.sh 1
----------------------------------------
ℹ️  기존 모듈 없음
🚀 nvmev.ko 로드 중... (gc_mode=1: Cost-Benefit)
   sudo insmod /home/meen/wild_cat/nvmev.ko memmap_start=4G memmap_size=8192M cpus=1,2,3,4 gc_mode=1
✅ insmod 성공! gc_mode=1 (Cost-Benefit)
nvmev                  90112  0
✅ /dev/nvme1n1 확인 완료 (가상 디바이스)
📁 파일시스템 생성 중...
mke2fs 1.47.0 (5-Feb-2023)
Creating filesystem with 1959715 4k blocks and 490560 inodes
Filesystem UUID: 64d0556b-6bbd-4bbe-b6ee-0c61946ddb65
Superblock backups stored on blocks: 
	32768, 98304, 163840, 229376, 294912, 819200, 884736, 1605632

Allocating group tables:  0/60     done                            
Writing inode tables:  0/60     done                            
Creating journal (16384 blocks): done
Writing superblocks and filesystem accounting information:  0/60     done

✅ Mount 완료! (/dev/nvme1n1 → /home/meen/wild_cat/mnt)
----------------------------------------
  ✅ 검증 통과: gc_mode=1, gc=0
  [fill] 6G
  [run] hot_narrow (90s)
